// Jest Snapshot v1, https://goo.gl/fbAQLP

exports[`<LogoLink /> should match snapshots 1`] = `
.c1 {
  display: -webkit-box;
  display: -webkit-flex;
  display: -ms-flexbox;
  display: flex;
  -webkit-align-items: center;
  -webkit-box-align: center;
  -ms-flex-align: center;
  align-items: center;
  -webkit-text-decoration: none;
  text-decoration: none;
  color: inherit;
}

.c1 > img {
  max-height: 3rem;
}

.c0 {
  color: #e34040;
  font-size: 1.6rem;
  text-transform: uppercase;
}

<h1
  class="c0"
>
  <a
    class="c1"
    href="#target"
  >
    <img
      alt="Logo"
      src="image.jpg"
    />
  </a>
</h1>
`;
