// Jest Snapshot v1, https://goo.gl/fbAQLP

exports[`<TextComponent /> should match snapshot 1`] = `
.c0 {
  font-size: 2.4rem;
}

<div>
  <div
    class="c0"
  >
    children
  </div>
</div>
`;
